2026-08-10 00:34:50,637 - INFO - Executed customer_lifetime_value_ranks              rows=488
2026-08-10 00:34:50,657 - INFO - Executed running_revenue_by_date                    rows=914
2026-08-10 00:34:50,676 - INFO - Executed seven_day_moving_average                   rows=914
2026-08-10 00:34:50,691 - INFO - Executed daily_cumulative_revenue                   rows=914
2026-08-10 00:34:50,703 - INFO - Executed products_ranked_within_category            rows=300
2026-08-10 00:34:50,762 - INFO - Executed running_sales_by_category                  rows=2632
2026-08-10 00:34:50,794 - INFO - Executed customer_order_lag                         rows=1383
2026-08-10 00:34:50,819 - INFO - Executed customer_next_purchase                     rows=1383
2026-08-10 00:34:50,844 - INFO - Executed first_and_latest_purchased_category        rows=451
2026-08-10 00:34:50,859 - INFO - Executed customer_value_quartiles                   rows=488
2026-08-10 00:34:50,864 - INFO - Executed cte_monthly_revenue                        rows=80
2026-08-10 00:34:50,870 - INFO - Executed cte_monthly_growth_rate                    rows=80
2026-08-10 00:34:50,881 - INFO - Executed cte_revenue_by_customer                    rows=488
2026-08-10 00:34:50,884 - INFO - Executed cte_revenue_by_category                    rows=8
2026-08-10 00:34:50,907 - INFO - Executed cte_top_customers_every_month              rows=782
2026-08-10 00:34:50,934 - INFO - Executed cte_top_products_every_month               rows=800
2026-08-10 00:34:50,946 - INFO - Executed cte_customer_lifetime_value                rows=451
2026-08-10 00:34:50,954 - INFO - Executed cte_product_lifetime_revenue               rows=300
2026-08-10 00:34:50,956 - INFO - Executed cte_repeat_customer_analysis               rows=2
2026-08-10 00:34:50,958 - INFO - Executed cte_churn_analysis                         rows=2
2026-08-10 00:34:50,968 - INFO - Executed cohort_retention_long                      rows=107
2026-08-10 00:34:51,093 - INFO - Executed cohort_matrix                              rows=71
2026-08-10 00:34:51,104 - INFO - Executed customer_purchase_frequency_segments       rows=488
2026-08-10 00:34:51,119 - INFO - Executed customer_total_spend_segments              rows=488
2026-08-10 00:34:51,140 - INFO - Executed rfm_customer_analysis                      rows=488
2026-08-10 00:34:51,163 - INFO - Executed final_customer_segmentation                rows=488
2026-08-10 00:34:51,175 - INFO - Executed advanced_business_insights                 rows=1
2026-08-10 00:34:51,181 - INFO - Executed advanced_top_twenty_customers              rows=20
2026-08-10 00:34:51,186 - INFO - Executed advanced_top_twenty_products               rows=20
