2026-08-10 00:30:35,479 - INFO - Executed total_revenue                              rows=1
2026-08-10 00:30:35,480 - INFO - Executed total_orders                               rows=1
2026-08-10 00:30:35,481 - INFO - Executed total_customers                            rows=1
2026-08-10 00:30:35,483 - INFO - Executed average_order_value                        rows=1
2026-08-10 00:30:35,486 - INFO - Executed average_revenue_per_customer               rows=1
2026-08-10 00:30:35,487 - INFO - Executed total_products_sold                        rows=1
2026-08-10 00:30:35,489 - INFO - Executed total_returned_items                       rows=1
2026-08-10 00:30:35,490 - INFO - Executed total_cancelled_orders                     rows=1
2026-08-10 00:30:35,496 - INFO - Executed top_customers_by_revenue                   rows=10
2026-08-10 00:30:35,499 - INFO - Executed top_customers_by_orders                    rows=10
2026-08-10 00:30:35,503 - INFO - Executed highest_customer_aov                       rows=10
2026-08-10 00:30:35,511 - INFO - Executed inactive_customers                         rows=302
2026-08-10 00:30:35,513 - INFO - Executed customers_without_orders                   rows=30
2026-08-10 00:30:35,521 - INFO - Executed repeat_customers                           rows=387
2026-08-10 00:30:35,525 - INFO - Executed vip_customer_revenue                       rows=1
2026-08-10 00:30:35,538 - INFO - Executed customer_lifetime_value                    rows=488
2026-08-10 00:30:35,549 - INFO - Executed product_revenue_detail                     rows=300
2026-08-10 00:30:35,551 - INFO - Executed products_never_ordered                     rows=0
2026-08-10 00:30:35,552 - INFO - Executed orders_by_region                           rows=6
2026-08-10 00:30:35,560 - INFO - Executed top_customers_per_region                   rows=18
2026-08-10 00:30:35,568 - INFO - Executed top_products_per_region                    rows=18
2026-08-10 00:30:35,572 - INFO - Executed top_selling_products                       rows=10
2026-08-10 00:30:35,575 - INFO - Executed lowest_selling_products                    rows=10
2026-08-10 00:30:35,579 - INFO - Executed top_revenue_products                       rows=10
2026-08-10 00:30:35,583 - INFO - Executed products_highest_discount                  rows=10
2026-08-10 00:30:35,587 - INFO - Executed products_maximum_returns                   rows=10
2026-08-10 00:30:35,591 - INFO - Executed revenue_by_brand                           rows=10
2026-08-10 00:30:35,594 - INFO - Executed revenue_by_category                        rows=8
2026-08-10 00:30:35,598 - INFO - Executed revenue_by_subcategory                     rows=40
2026-08-10 00:30:35,609 - INFO - Executed daily_orders                               rows=967
2026-08-10 00:30:35,614 - INFO - Executed weekly_orders                              rows=335
2026-08-10 00:30:35,617 - INFO - Executed monthly_orders                             rows=80
2026-08-10 00:30:35,620 - INFO - Executed yearly_orders                              rows=7
2026-08-10 00:30:35,622 - INFO - Executed order_status_distribution                  rows=5
2026-08-10 00:30:35,623 - INFO - Executed orders_by_payment_method                   rows=5
2026-08-10 00:30:35,626 - INFO - Executed revenue_by_status                          rows=5
2026-08-10 00:30:35,629 - INFO - Executed revenue_by_region                          rows=6
2026-08-10 00:30:35,634 - INFO - Executed average_order_value_by_region              rows=6
2026-08-10 00:30:35,636 - INFO - Executed units_sold_by_category                     rows=8
2026-08-10 00:30:35,638 - INFO - Executed category_contribution                      rows=8
2026-08-10 00:30:35,641 - INFO - Executed highest_profit_category                    rows=1
2026-08-10 00:30:35,643 - INFO - Executed lowest_profit_category                     rows=1
2026-08-10 00:30:35,645 - INFO - Executed average_customer_order_lead_time           rows=1
2026-08-10 00:30:35,659 - INFO - Executed revenue_per_day                            rows=914
2026-08-10 00:30:35,667 - INFO - Executed revenue_per_week                           rows=334
2026-08-10 00:30:35,673 - INFO - Executed revenue_per_month                          rows=80
2026-08-10 00:30:35,679 - INFO - Executed revenue_per_quarter                        rows=27
2026-08-10 00:30:35,683 - INFO - Executed revenue_per_year                           rows=7
2026-08-10 00:30:35,689 - INFO - Executed monthly_growth_rate                        rows=80
2026-08-10 00:30:35,693 - INFO - Executed highest_revenue_month                      rows=1
2026-08-10 00:30:35,697 - INFO - Executed lowest_revenue_month                       rows=1
2026-08-10 00:30:35,706 - INFO - Executed return_rate_by_product                     rows=300
2026-08-10 00:30:35,711 - INFO - Executed return_rate_by_category                    rows=8
2026-08-10 00:30:35,723 - INFO - Executed return_rate_by_customer                    rows=451
2026-08-10 00:30:35,728 - INFO - Executed top_returned_categories                    rows=8
2026-08-10 00:30:35,743 - INFO - Executed high_value_orders_above_average            rows=544
2026-08-10 00:30:35,752 - INFO - Executed customers_above_average_lifetime_value     rows=185
2026-08-10 00:30:35,757 - INFO - Executed products_above_category_average_price      rows=136
2026-08-10 00:30:35,761 - INFO - Executed customer_tier_distribution                 rows=3
2026-08-10 00:30:35,776 - INFO - Executed customer_summary                           rows=488
2026-08-10 00:30:35,789 - INFO - Executed product_summary                            rows=300
2026-08-10 00:30:35,848 - INFO - Executed order_summary                              rows=1383
2026-08-10 00:30:35,851 - INFO - Executed revenue_summary                            rows=1
2026-08-10 00:30:35,857 - INFO - Executed monthly_sales                              rows=80
2026-08-10 00:30:35,886 - INFO - Executed customer_revenue                           rows=1140
